******************************************************************************
                  MSP430 Linker PC v15.12.3                    
******************************************************************************
>> Linked Wed Dec 21 12:58:31 2016

OUTPUT FILE NAME:   <ADC10_UART_Echo.out>
ENTRY POINT SYMBOL: "_c_int00_noargs_noexit"  address: 0000d1c4


MEMORY CONFIGURATION

         name            origin    length      used     unused   attr    fill
----------------------  --------  ---------  --------  --------  ----  --------
  SFR                   00000000   00000010  00000000  00000010  RWIX
  PERIPHERALS_8BIT      00000010   000000f0  00000000  000000f0  RWIX
  PERIPHERALS_16BIT     00000100   00000100  00000000  00000100  RWIX
  RAM                   00000200   00000200  00000091  0000016f  RWIX
  INFOD                 00001000   00000040  00000000  00000040  RWIX
  INFOC                 00001040   00000040  00000000  00000040  RWIX
  INFOB                 00001080   00000040  00000000  00000040  RWIX
  INFOA                 000010c0   00000040  00000000  00000040  RWIX
  FLASH                 0000c000   00003fde  000012b8  00002d26  RWIX
  BSLSIGNATURE          0000ffde   00000002  00000002  00000000  RWIX  ffff 
  INT00                 0000ffe0   00000002  00000002  00000000  RWIX
  INT01                 0000ffe2   00000002  00000000  00000002  RWIX
  INT02                 0000ffe4   00000002  00000002  00000000  RWIX
  INT03                 0000ffe6   00000002  00000002  00000000  RWIX
  INT04                 0000ffe8   00000002  00000000  00000002  RWIX
  INT05                 0000ffea   00000002  00000002  00000000  RWIX
  INT06                 0000ffec   00000002  00000002  00000000  RWIX
  INT07                 0000ffee   00000002  00000002  00000000  RWIX
  INT08                 0000fff0   00000002  00000002  00000000  RWIX
  INT09                 0000fff2   00000002  00000002  00000000  RWIX
  INT10                 0000fff4   00000002  00000002  00000000  RWIX
  INT11                 0000fff6   00000002  00000002  00000000  RWIX
  INT12                 0000fff8   00000002  00000002  00000000  RWIX
  INT13                 0000fffa   00000002  00000002  00000000  RWIX
  INT14                 0000fffc   00000002  00000002  00000000  RWIX
  RESET                 0000fffe   00000002  00000002  00000000  RWIX


SECTION ALLOCATION MAP

 output                                  attributes/
section   page    origin      length       input sections
--------  ----  ----------  ----------   ----------------
.bss       0    00000200    00000041     UNINITIALIZED
                  00000200    00000018     (.common:a)
                  00000218    00000018     (.common:b)
                  00000230    00000006     (.common:x)
                  00000236    00000006     (.common:y)
                  0000023c    00000002     (.common:adcPacket)
                  0000023e    00000002     (.common:sampleTxDone)
                  00000240    00000001     (.common:packetCounter)

.stack     0    000003b0    00000050     UNINITIALIZED
                  000003b0    00000002     rts430_eabi.lib : boot.obj (.stack)
                  000003b2    0000004e     --HOLE--

.text      0    0000c000    000012ae     
                  0000c000    000002f4     rts430_eabi.lib : frcmpyd.obj (.text:__TI_frcmpyd)
                  0000c2f4    000002e8                     : addd.obj (.text:__mspabi_addd)
                  0000c5dc    0000026e                     : mpyd.obj (.text:__mspabi_mpyd)
                  0000c84a    00000260                     : frcaddd.obj (.text:__TI_frcaddd)
                  0000caaa    00000260     main.obj (.text:main)
                  0000cd0a    000000be     rts430_eabi.lib : renormd.obj (.text:__TI_renormd)
                  0000cdc8    000000ac                     : fltlid.obj (.text:__mspabi_fltlid)
                  0000ce74    00000072                     : fixdli.obj (.text:__mspabi_fixdli)
                  0000cee6    0000006e                     : autoinit.obj (.text:_auto_init)
                  0000cf54    0000005c                     : lsr32.obj (.text:l_lsr_const)
                  0000cfb0    0000005a                     : cpy_tbl.obj (.text:copy_in)
                  0000d00a    0000004c                     : lsr16.obj (.text)
                  0000d056    0000003e                     : asr32.obj (.text:l_asr_const)
                  0000d094    0000003e                     : lsl32.obj (.text:l_lsl_const)
                  0000d0d2    0000002e                     : subd.obj (.text:__mspabi_subd)
                  0000d100    0000002c                     : asr16.obj (.text)
                  0000d12c    0000002c                     : lsl16.obj (.text)
                  0000d158    00000028                     : fixdi.obj (.text:__mspabi_fixdi)
                  0000d180    00000026                     : mult32.obj (.text)
                  0000d1a6    0000001e     init.obj (.text:initUART)
                  0000d1c4    0000001a     rts430_eabi.lib : boot_special.obj (.text:_c_int00_noargs_noexit)
                  0000d1de    00000014                     : copy_zero_init.obj (.text:decompress:ZI:__TI_zero_init)
                  0000d1f2    00000014                     : mult16.obj (.text)
                  0000d206    00000012     init.obj (.text:initPinIO)
                  0000d218    00000012     rts430_eabi.lib : lsr32.obj (.text:l_lsr)
                  0000d22a    00000012                     : memcpy.obj (.text:memcpy)
                  0000d23c    00000010     init.obj (.text:initADC10)
                  0000d24c    00000010     rts430_eabi.lib : asr32.obj (.text:l_asr)
                  0000d25c    00000010                     : lsl32.obj (.text:l_lsl)
                  0000d26c    00000010                     : epilog.obj (.text)
                  0000d27c    0000000e     init.obj (.text:initClocks)
                  0000d28a    0000000c     rts430_eabi.lib : fltid.obj (.text:__mspabi_fltid)
                  0000d296    00000008                     : isr_trap.obj (.text:_isr:__TI_ISR_TRAP)
                  0000d29e    00000006                     : exit.obj (.text:abort)
                  0000d2a4    00000004                     : pre_init.obj (.text:_system_pre_init)
                  0000d2a8    00000002     main.obj (.text:ADC10_ISR)
                  0000d2aa    00000002     main.obj (.text:USCI0TX_ISR)
                  0000d2ac    00000002     rts430_eabi.lib : startup.obj (.text:_system_post_cinit)

.cinit     0    0000d2ae    0000000a     
                  0000d2ae    00000004     (.cinit..bss.load) [load image, compression = zero_init]
                  0000d2b2    00000002     (__TI_handler_table)
                  0000d2b4    00000004     (__TI_cinit_table)

.init_array 
*          0    0000c000    00000000     UNINITIALIZED

TRAPINT    0    0000ffe0    00000002     
                  0000ffe0    00000002     rts430_eabi.lib : int00.obj (.int00)

PORT1      0    0000ffe4    00000002     
                  0000ffe4    00000002     rts430_eabi.lib : int02.obj (.int02)

PORT2      0    0000ffe6    00000002     
                  0000ffe6    00000002     rts430_eabi.lib : int03.obj (.int03)

$fill000   0    0000ffde    00000002     
                  0000ffde    00000002     --HOLE-- [fill = ffff]

ADC10      0    0000ffea    00000002     
                  0000ffea    00000002     main.obj (.int05)

USCIAB0TX 
*          0    0000ffec    00000002     
                  0000ffec    00000002     main.obj (.int06)

USCIAB0RX 
*          0    0000ffee    00000002     
                  0000ffee    00000002     rts430_eabi.lib : int07.obj (.int07)

TIMER0_A1 
*          0    0000fff0    00000002     
                  0000fff0    00000002     rts430_eabi.lib : int08.obj (.int08)

TIMER0_A0 
*          0    0000fff2    00000002     
                  0000fff2    00000002     rts430_eabi.lib : int09.obj (.int09)

WDT        0    0000fff4    00000002     
                  0000fff4    00000002     rts430_eabi.lib : int10.obj (.int10)

COMPARATORA 
*          0    0000fff6    00000002     
                  0000fff6    00000002     rts430_eabi.lib : int11.obj (.int11)

TIMER1_A1 
*          0    0000fff8    00000002     
                  0000fff8    00000002     rts430_eabi.lib : int12.obj (.int12)

TIMER1_A0 
*          0    0000fffa    00000002     
                  0000fffa    00000002     rts430_eabi.lib : int13.obj (.int13)

NMI        0    0000fffc    00000002     
                  0000fffc    00000002     rts430_eabi.lib : int14.obj (.int14)

.reset     0    0000fffe    00000002     
                  0000fffe    00000002     rts430_eabi.lib : boot.obj (.reset)

MODULE SUMMARY

       Module               code   ro data   rw data
       ------               ----   -------   -------
    .\
       main.obj             612    4         65     
       init.obj             78     0         0      
    +--+--------------------+------+---------+---------+
       Total:               690    4         65     
                                                    
    C:\ti\ccsv6\tools\compiler\msp430_15.12.3.LTS\lib\rts430_eabi.lib
       frcmpyd.obj          756    0         0      
       addd.obj             744    0         0      
       mpyd.obj             622    0         0      
       frcaddd.obj          608    0         0      
       renormd.obj          190    0         0      
       fltlid.obj           172    0         0      
       fixdli.obj           114    0         0      
       autoinit.obj         110    0         0      
       lsr32.obj            110    0         0      
       cpy_tbl.obj          90     0         0      
       asr32.obj            78     0         0      
       lsl32.obj            78     0         0      
       lsr16.obj            76     0         0      
       subd.obj             46     0         0      
       asr16.obj            44     0         0      
       lsl16.obj            44     0         0      
       fixdi.obj            40     0         0      
       mult32.obj           38     0         0      
       boot_special.obj     26     0         0      
       copy_zero_init.obj   20     0         0      
       mult16.obj           20     0         0      
       memcpy.obj           18     0         0      
       epilog.obj           16     0         0      
       fltid.obj            12     0         0      
       isr_trap.obj         8      0         0      
       exit.obj             6      0         0      
       pre_init.obj         4      0         0      
       boot.obj             0      2         0      
       int00.obj            0      2         0      
       int02.obj            0      2         0      
       int03.obj            0      2         0      
       int07.obj            0      2         0      
       int08.obj            0      2         0      
       int09.obj            0      2         0      
       int10.obj            0      2         0      
       int11.obj            0      2         0      
       int12.obj            0      2         0      
       int13.obj            0      2         0      
       int14.obj            0      2         0      
       startup.obj          2      0         0      
    +--+--------------------+------+---------+---------+
       Total:               4092   24        0      
                                                    
       Stack:               0      0         80     
       Linker Generated:    0      10        0      
    +--+--------------------+------+---------+---------+
       Grand Total:         4782   38        145    


LINKER GENERATED COPY TABLES

__TI_cinit_table @ 0000d2b4 records: 1, size/record: 4, table size: 4
	.bss: load addr=0000d2ae, load size=00000004 bytes, run addr=00000200, run size=00000041 bytes, compression=zero_init


LINKER GENERATED HANDLER TABLE

__TI_handler_table @ 0000d2b2 records: 1, size/record: 2, table size: 2
	index: 0, handler: __TI_zero_init


GLOBAL SYMBOLS: SORTED ALPHABETICALLY BY Name 

address   name                    
-------   ----                    
0000004a  ADC10AE0                
000001b0  ADC10CTL0               
000001b2  ADC10CTL1               
00000048  ADC10DTC0               
00000049  ADC10DTC1               
000001b4  ADC10MEM                
000001bc  ADC10SA                 
0000d2a8  ADC10_ISR               
00000057  BCSCTL1                 
00000058  BCSCTL2                 
00000053  BCSCTL3                 
0000d29e  C$$EXIT                 
00000059  CACTL1                  
0000005a  CACTL2                  
000010fb  CALBC1_12MHZ            
000010f9  CALBC1_16MHZ            
000010ff  CALBC1_1MHZ             
000010fd  CALBC1_8MHZ             
000010fa  CALDCO_12MHZ            
000010f8  CALDCO_16MHZ            
000010fe  CALDCO_1MHZ             
000010fc  CALDCO_8MHZ             
0000005b  CAPD                    
00000056  DCOCTL                  
00000128  FCTL1                   
0000012a  FCTL2                   
0000012c  FCTL3                   
00000000  IE1                     
00000001  IE2                     
00000002  IFG1                    
00000003  IFG2                    
00000022  P1DIR                   
00000025  P1IE                    
00000024  P1IES                   
00000023  P1IFG                   
00000020  P1IN                    
00000021  P1OUT                   
00000027  P1REN                   
00000026  P1SEL                   
00000041  P1SEL2                  
0000002a  P2DIR                   
0000002d  P2IE                    
0000002c  P2IES                   
0000002b  P2IFG                   
00000028  P2IN                    
00000029  P2OUT                   
0000002f  P2REN                   
0000002e  P2SEL                   
00000042  P2SEL2                  
0000001a  P3DIR                   
00000018  P3IN                    
00000019  P3OUT                   
00000010  P3REN                   
0000001b  P3SEL                   
00000043  P3SEL2                  
00000172  TA0CCR0                 
00000174  TA0CCR1                 
00000176  TA0CCR2                 
00000162  TA0CCTL0                
00000164  TA0CCTL1                
00000166  TA0CCTL2                
00000160  TA0CTL                  
0000012e  TA0IV                   
00000170  TA0R                    
00000192  TA1CCR0                 
00000194  TA1CCR1                 
00000196  TA1CCR2                 
00000182  TA1CCTL0                
00000184  TA1CCTL1                
00000186  TA1CCTL2                
00000180  TA1CTL                  
0000011e  TA1IV                   
00000190  TA1R                    
000010db  TLV_ADC10_1_LEN         
000010da  TLV_ADC10_1_TAG         
000010c0  TLV_CHECKSUM            
000010f7  TLV_DCO_30_LEN          
000010f6  TLV_DCO_30_TAG          
0000005d  UCA0ABCTL               
00000062  UCA0BR0                 
00000063  UCA0BR1                 
00000060  UCA0CTL0                
00000061  UCA0CTL1                
0000005f  UCA0IRRCTL              
0000005e  UCA0IRTCTL              
00000064  UCA0MCTL                
00000066  UCA0RXBUF               
00000065  UCA0STAT                
00000067  UCA0TXBUF               
0000006a  UCB0BR0                 
0000006b  UCB0BR1                 
00000068  UCB0CTL0                
00000069  UCB0CTL1                
0000006c  UCB0I2CIE               
00000118  UCB0I2COA               
0000011a  UCB0I2CSA               
0000006e  UCB0RXBUF               
0000006d  UCB0STAT                
0000006f  UCB0TXBUF               
0000d2aa  USCI0TX_ISR             
00000120  WDTCTL                  
00000400  __STACK_END             
00000050  __STACK_SIZE            
UNDEFED   __TI_BINIT_Base         
UNDEFED   __TI_BINIT_Limit        
0000d2b4  __TI_CINIT_Base         
0000d2b8  __TI_CINIT_Limit        
0000d2b2  __TI_Handler_Table_Base 
0000d2b4  __TI_Handler_Table_Limit
UNDEFED   __TI_INITARRAY_Base     
UNDEFED   __TI_INITARRAY_Limit    
0000d296  __TI_ISR_TRAP           
0000c84a  __TI_frcaddd            
0000c000  __TI_frcmpyd            
0000ffe0  __TI_int00              
0000ffe4  __TI_int02              
0000ffe6  __TI_int03              
0000ffea  __TI_int05              
0000ffec  __TI_int06              
0000ffee  __TI_int07              
0000fff0  __TI_int08              
0000fff2  __TI_int09              
0000fff4  __TI_int10              
0000fff6  __TI_int11              
0000fff8  __TI_int12              
0000fffa  __TI_int13              
0000fffc  __TI_int14              
ffffffff  __TI_pprof_out_hndl     
ffffffff  __TI_prof_data_size     
ffffffff  __TI_prof_data_start    
0000cd0a  __TI_renormd            
0000d1de  __TI_zero_init          
ffffffff  __c_args__              
0000c2f4  __mspabi_addd           
0000d158  __mspabi_fixdi          
0000ce74  __mspabi_fixdli         
0000d28a  __mspabi_fltid          
0000cdc8  __mspabi_fltlid         
0000d278  __mspabi_func_epilog_1  
0000d276  __mspabi_func_epilog_2  
0000d274  __mspabi_func_epilog_3  
0000d272  __mspabi_func_epilog_4  
0000d270  __mspabi_func_epilog_5  
0000d26e  __mspabi_func_epilog_6  
0000d26c  __mspabi_func_epilog_7  
0000c5dc  __mspabi_mpyd           
0000d1f2  __mspabi_mpyi           
0000d1f2  __mspabi_mpyi_sw        
0000d180  __mspabi_mpyl           
0000d180  __mspabi_mpyl_sw        
0000d12c  __mspabi_slli           
0000d154  __mspabi_slli_1         
0000d142  __mspabi_slli_10        
0000d140  __mspabi_slli_11        
0000d13e  __mspabi_slli_12        
0000d13c  __mspabi_slli_13        
0000d13a  __mspabi_slli_14        
0000d138  __mspabi_slli_15        
0000d152  __mspabi_slli_2         
0000d150  __mspabi_slli_3         
0000d14e  __mspabi_slli_4         
0000d14c  __mspabi_slli_5         
0000d14a  __mspabi_slli_6         
0000d148  __mspabi_slli_7         
0000d146  __mspabi_slli_8         
0000d144  __mspabi_slli_9         
0000d25c  __mspabi_slll           
0000d0cc  __mspabi_slll_1         
0000d0a8  __mspabi_slll_10        
0000d0a4  __mspabi_slll_11        
0000d0a0  __mspabi_slll_12        
0000d09c  __mspabi_slll_13        
0000d098  __mspabi_slll_14        
0000d094  __mspabi_slll_15        
0000d0c8  __mspabi_slll_2         
0000d0c4  __mspabi_slll_3         
0000d0c0  __mspabi_slll_4         
0000d0bc  __mspabi_slll_5         
0000d0b8  __mspabi_slll_6         
0000d0b4  __mspabi_slll_7         
0000d0b0  __mspabi_slll_8         
0000d0ac  __mspabi_slll_9         
0000d100  __mspabi_srai           
0000d128  __mspabi_srai_1         
0000d116  __mspabi_srai_10        
0000d114  __mspabi_srai_11        
0000d112  __mspabi_srai_12        
0000d110  __mspabi_srai_13        
0000d10e  __mspabi_srai_14        
0000d10c  __mspabi_srai_15        
0000d126  __mspabi_srai_2         
0000d124  __mspabi_srai_3         
0000d122  __mspabi_srai_4         
0000d120  __mspabi_srai_5         
0000d11e  __mspabi_srai_6         
0000d11c  __mspabi_srai_7         
0000d11a  __mspabi_srai_8         
0000d118  __mspabi_srai_9         
0000d24c  __mspabi_sral           
0000d08e  __mspabi_sral_1         
0000d06a  __mspabi_sral_10        
0000d066  __mspabi_sral_11        
0000d062  __mspabi_sral_12        
0000d05e  __mspabi_sral_13        
0000d05a  __mspabi_sral_14        
0000d056  __mspabi_sral_15        
0000d08a  __mspabi_sral_2         
0000d086  __mspabi_sral_3         
0000d082  __mspabi_sral_4         
0000d07e  __mspabi_sral_5         
0000d07a  __mspabi_sral_6         
0000d076  __mspabi_sral_7         
0000d072  __mspabi_sral_8         
0000d06e  __mspabi_sral_9         
0000d00a  __mspabi_srli           
0000d050  __mspabi_srli_1         
0000d02c  __mspabi_srli_10        
0000d028  __mspabi_srli_11        
0000d024  __mspabi_srli_12        
0000d020  __mspabi_srli_13        
0000d01c  __mspabi_srli_14        
0000d018  __mspabi_srli_15        
0000d04c  __mspabi_srli_2         
0000d048  __mspabi_srli_3         
0000d044  __mspabi_srli_4         
0000d040  __mspabi_srli_5         
0000d03c  __mspabi_srli_6         
0000d038  __mspabi_srli_7         
0000d034  __mspabi_srli_8         
0000d030  __mspabi_srli_9         
0000d218  __mspabi_srll           
0000cfa8  __mspabi_srll_1         
0000cf72  __mspabi_srll_10        
0000cf6c  __mspabi_srll_11        
0000cf66  __mspabi_srll_12        
0000cf60  __mspabi_srll_13        
0000cf5a  __mspabi_srll_14        
0000cf54  __mspabi_srll_15        
0000cfa2  __mspabi_srll_2         
0000cf9c  __mspabi_srll_3         
0000cf96  __mspabi_srll_4         
0000cf90  __mspabi_srll_5         
0000cf8a  __mspabi_srll_6         
0000cf84  __mspabi_srll_7         
0000cf7e  __mspabi_srll_8         
0000cf78  __mspabi_srll_9         
0000d0d2  __mspabi_subd           
0000cee6  _auto_init              
0000d1c4  _c_int00_noargs_noexit  
0000fffe  _reset_vector           
000003b0  _stack                  
0000d2ac  _system_post_cinit      
0000d2a4  _system_pre_init        
00000200  a                       
0000d29e  abort                   
0000023c  adcPacket               
00000218  b                       
0000cfb0  copy_in                 
0000d23c  initADC10               
0000d27c  initClocks              
0000d206  initPinIO               
0000d1a6  initUART                
0000caaa  main                    
0000d22a  memcpy                  
00000240  packetCounter           
0000023e  sampleTxDone            
00000230  x                       
00000236  y                       


GLOBAL SYMBOLS: SORTED BY Symbol Address 

address   name                    
-------   ----                    
00000000  IE1                     
00000001  IE2                     
00000002  IFG1                    
00000003  IFG2                    
00000010  P3REN                   
00000018  P3IN                    
00000019  P3OUT                   
0000001a  P3DIR                   
0000001b  P3SEL                   
00000020  P1IN                    
00000021  P1OUT                   
00000022  P1DIR                   
00000023  P1IFG                   
00000024  P1IES                   
00000025  P1IE                    
00000026  P1SEL                   
00000027  P1REN                   
00000028  P2IN                    
00000029  P2OUT                   
0000002a  P2DIR                   
0000002b  P2IFG                   
0000002c  P2IES                   
0000002d  P2IE                    
0000002e  P2SEL                   
0000002f  P2REN                   
00000041  P1SEL2                  
00000042  P2SEL2                  
00000043  P3SEL2                  
00000048  ADC10DTC0               
00000049  ADC10DTC1               
0000004a  ADC10AE0                
00000050  __STACK_SIZE            
00000053  BCSCTL3                 
00000056  DCOCTL                  
00000057  BCSCTL1                 
00000058  BCSCTL2                 
00000059  CACTL1                  
0000005a  CACTL2                  
0000005b  CAPD                    
0000005d  UCA0ABCTL               
0000005e  UCA0IRTCTL              
0000005f  UCA0IRRCTL              
00000060  UCA0CTL0                
00000061  UCA0CTL1                
00000062  UCA0BR0                 
00000063  UCA0BR1                 
00000064  UCA0MCTL                
00000065  UCA0STAT                
00000066  UCA0RXBUF               
00000067  UCA0TXBUF               
00000068  UCB0CTL0                
00000069  UCB0CTL1                
0000006a  UCB0BR0                 
0000006b  UCB0BR1                 
0000006c  UCB0I2CIE               
0000006d  UCB0STAT                
0000006e  UCB0RXBUF               
0000006f  UCB0TXBUF               
00000118  UCB0I2COA               
0000011a  UCB0I2CSA               
0000011e  TA1IV                   
00000120  WDTCTL                  
00000128  FCTL1                   
0000012a  FCTL2                   
0000012c  FCTL3                   
0000012e  TA0IV                   
00000160  TA0CTL                  
00000162  TA0CCTL0                
00000164  TA0CCTL1                
00000166  TA0CCTL2                
00000170  TA0R                    
00000172  TA0CCR0                 
00000174  TA0CCR1                 
00000176  TA0CCR2                 
00000180  TA1CTL                  
00000182  TA1CCTL0                
00000184  TA1CCTL1                
00000186  TA1CCTL2                
00000190  TA1R                    
00000192  TA1CCR0                 
00000194  TA1CCR1                 
00000196  TA1CCR2                 
000001b0  ADC10CTL0               
000001b2  ADC10CTL1               
000001b4  ADC10MEM                
000001bc  ADC10SA                 
00000200  a                       
00000218  b                       
00000230  x                       
00000236  y                       
0000023c  adcPacket               
0000023e  sampleTxDone            
00000240  packetCounter           
000003b0  _stack                  
00000400  __STACK_END             
000010c0  TLV_CHECKSUM            
000010da  TLV_ADC10_1_TAG         
000010db  TLV_ADC10_1_LEN         
000010f6  TLV_DCO_30_TAG          
000010f7  TLV_DCO_30_LEN          
000010f8  CALDCO_16MHZ            
000010f9  CALBC1_16MHZ            
000010fa  CALDCO_12MHZ            
000010fb  CALBC1_12MHZ            
000010fc  CALDCO_8MHZ             
000010fd  CALBC1_8MHZ             
000010fe  CALDCO_1MHZ             
000010ff  CALBC1_1MHZ             
0000c000  __TI_frcmpyd            
0000c2f4  __mspabi_addd           
0000c5dc  __mspabi_mpyd           
0000c84a  __TI_frcaddd            
0000caaa  main                    
0000cd0a  __TI_renormd            
0000cdc8  __mspabi_fltlid         
0000ce74  __mspabi_fixdli         
0000cee6  _auto_init              
0000cf54  __mspabi_srll_15        
0000cf5a  __mspabi_srll_14        
0000cf60  __mspabi_srll_13        
0000cf66  __mspabi_srll_12        
0000cf6c  __mspabi_srll_11        
0000cf72  __mspabi_srll_10        
0000cf78  __mspabi_srll_9         
0000cf7e  __mspabi_srll_8         
0000cf84  __mspabi_srll_7         
0000cf8a  __mspabi_srll_6         
0000cf90  __mspabi_srll_5         
0000cf96  __mspabi_srll_4         
0000cf9c  __mspabi_srll_3         
0000cfa2  __mspabi_srll_2         
0000cfa8  __mspabi_srll_1         
0000cfb0  copy_in                 
0000d00a  __mspabi_srli           
0000d018  __mspabi_srli_15        
0000d01c  __mspabi_srli_14        
0000d020  __mspabi_srli_13        
0000d024  __mspabi_srli_12        
0000d028  __mspabi_srli_11        
0000d02c  __mspabi_srli_10        
0000d030  __mspabi_srli_9         
0000d034  __mspabi_srli_8         
0000d038  __mspabi_srli_7         
0000d03c  __mspabi_srli_6         
0000d040  __mspabi_srli_5         
0000d044  __mspabi_srli_4         
0000d048  __mspabi_srli_3         
0000d04c  __mspabi_srli_2         
0000d050  __mspabi_srli_1         
0000d056  __mspabi_sral_15        
0000d05a  __mspabi_sral_14        
0000d05e  __mspabi_sral_13        
0000d062  __mspabi_sral_12        
0000d066  __mspabi_sral_11        
0000d06a  __mspabi_sral_10        
0000d06e  __mspabi_sral_9         
0000d072  __mspabi_sral_8         
0000d076  __mspabi_sral_7         
0000d07a  __mspabi_sral_6         
0000d07e  __mspabi_sral_5         
0000d082  __mspabi_sral_4         
0000d086  __mspabi_sral_3         
0000d08a  __mspabi_sral_2         
0000d08e  __mspabi_sral_1         
0000d094  __mspabi_slll_15        
0000d098  __mspabi_slll_14        
0000d09c  __mspabi_slll_13        
0000d0a0  __mspabi_slll_12        
0000d0a4  __mspabi_slll_11        
0000d0a8  __mspabi_slll_10        
0000d0ac  __mspabi_slll_9         
0000d0b0  __mspabi_slll_8         
0000d0b4  __mspabi_slll_7         
0000d0b8  __mspabi_slll_6         
0000d0bc  __mspabi_slll_5         
0000d0c0  __mspabi_slll_4         
0000d0c4  __mspabi_slll_3         
0000d0c8  __mspabi_slll_2         
0000d0cc  __mspabi_slll_1         
0000d0d2  __mspabi_subd           
0000d100  __mspabi_srai           
0000d10c  __mspabi_srai_15        
0000d10e  __mspabi_srai_14        
0000d110  __mspabi_srai_13        
0000d112  __mspabi_srai_12        
0000d114  __mspabi_srai_11        
0000d116  __mspabi_srai_10        
0000d118  __mspabi_srai_9         
0000d11a  __mspabi_srai_8         
0000d11c  __mspabi_srai_7         
0000d11e  __mspabi_srai_6         
0000d120  __mspabi_srai_5         
0000d122  __mspabi_srai_4         
0000d124  __mspabi_srai_3         
0000d126  __mspabi_srai_2         
0000d128  __mspabi_srai_1         
0000d12c  __mspabi_slli           
0000d138  __mspabi_slli_15        
0000d13a  __mspabi_slli_14        
0000d13c  __mspabi_slli_13        
0000d13e  __mspabi_slli_12        
0000d140  __mspabi_slli_11        
0000d142  __mspabi_slli_10        
0000d144  __mspabi_slli_9         
0000d146  __mspabi_slli_8         
0000d148  __mspabi_slli_7         
0000d14a  __mspabi_slli_6         
0000d14c  __mspabi_slli_5         
0000d14e  __mspabi_slli_4         
0000d150  __mspabi_slli_3         
0000d152  __mspabi_slli_2         
0000d154  __mspabi_slli_1         
0000d158  __mspabi_fixdi          
0000d180  __mspabi_mpyl           
0000d180  __mspabi_mpyl_sw        
0000d1a6  initUART                
0000d1c4  _c_int00_noargs_noexit  
0000d1de  __TI_zero_init          
0000d1f2  __mspabi_mpyi           
0000d1f2  __mspabi_mpyi_sw        
0000d206  initPinIO               
0000d218  __mspabi_srll           
0000d22a  memcpy                  
0000d23c  initADC10               
0000d24c  __mspabi_sral           
0000d25c  __mspabi_slll           
0000d26c  __mspabi_func_epilog_7  
0000d26e  __mspabi_func_epilog_6  
0000d270  __mspabi_func_epilog_5  
0000d272  __mspabi_func_epilog_4  
0000d274  __mspabi_func_epilog_3  
0000d276  __mspabi_func_epilog_2  
0000d278  __mspabi_func_epilog_1  
0000d27c  initClocks              
0000d28a  __mspabi_fltid          
0000d296  __TI_ISR_TRAP           
0000d29e  C$$EXIT                 
0000d29e  abort                   
0000d2a4  _system_pre_init        
0000d2a8  ADC10_ISR               
0000d2aa  USCI0TX_ISR             
0000d2ac  _system_post_cinit      
0000d2b2  __TI_Handler_Table_Base 
0000d2b4  __TI_CINIT_Base         
0000d2b4  __TI_Handler_Table_Limit
0000d2b8  __TI_CINIT_Limit        
0000ffe0  __TI_int00              
0000ffe4  __TI_int02              
0000ffe6  __TI_int03              
0000ffea  __TI_int05              
0000ffec  __TI_int06              
0000ffee  __TI_int07              
0000fff0  __TI_int08              
0000fff2  __TI_int09              
0000fff4  __TI_int10              
0000fff6  __TI_int11              
0000fff8  __TI_int12              
0000fffa  __TI_int13              
0000fffc  __TI_int14              
0000fffe  _reset_vector           
ffffffff  __TI_pprof_out_hndl     
ffffffff  __TI_prof_data_size     
ffffffff  __TI_prof_data_start    
ffffffff  __c_args__              
UNDEFED   __TI_BINIT_Base         
UNDEFED   __TI_BINIT_Limit        
UNDEFED   __TI_INITARRAY_Base     
UNDEFED   __TI_INITARRAY_Limit    

[268 symbols]
